// Jest Snapshot v1, https://goo.gl/fbAQLP

exports[`capture a component as snapshot file renders snapshot correctly 1`] = `
<div
  className="container"
  data-testid="container-avatar-group-test"
>
  <img
    alt="avatar"
    className="avatar-gap avatar card-size-md avatar-gap-md"
    src="avatar.png"
  />
  <img
    alt="avatar"
    className="avatar-gap avatar card-size-md avatar-gap-md"
    src="avatar.png"
  />
  <img
    alt="avatar"
    className="avatar-gap avatar card-size-md avatar-gap-md"
    src="avatar.png"
  />
  <img
    alt="avatar"
    className="avatar-gap avatar card-size-md avatar-gap-md"
    src="avatar.png"
  />
  <img
    alt="avatar"
    className="avatar-gap avatar card-size-md avatar-gap-md"
    src="avatar.png"
  />
  <img
    alt="avatar"
    className="avatar-gap avatar card-size-md avatar-gap-md"
    src="avatar.png"
  />
  <img
    alt="avatar"
    className="avatar-gap avatar card-size-md avatar-gap-md"
    src="avatar.png"
  />
  <img
    alt="avatar"
    className="avatar-gap avatar card-size-md avatar-gap-md"
    src="avatar.png"
  />
  <img
    alt="avatar"
    className="avatar-gap avatar card-size-md avatar-gap-md"
    src="avatar.png"
  />
  <img
    alt="avatar"
    className="avatar-gap avatar card-size-md avatar-gap-md"
    src="avatar.png"
  />
  <img
    alt="avatar"
    className="avatar-gap avatar card-size-md avatar-gap-md"
    src="avatar.png"
  />
  <img
    alt="avatar"
    className="avatar-gap avatar card-size-md avatar-gap-md"
    src="avatar.png"
  />
  <img
    alt="avatar"
    className="avatar-gap avatar card-size-md avatar-gap-md"
    src="avatar.png"
  />
  <img
    alt="avatar"
    className="avatar-gap avatar card-size-md avatar-gap-md"
    src="avatar.png"
  />
  <img
    alt="avatar"
    className="avatar-gap avatar card-size-md avatar-gap-md"
    src="avatar.png"
  />
  <img
    alt="avatar"
    className="avatar-gap avatar card-size-md avatar-gap-md"
    src="avatar.png"
  />
  <div
    className="avatar-gap empty-image avatar card-size-md avatar-gap-md"
  >
    <h3
      className="font-card-md font-card"
    >
      TB
    </h3>
  </div>
  <img
    alt="avatar"
    className="avatar-gap avatar card-size-md avatar-gap-md"
    src="avatar.png"
  />
  <img
    alt="avatar"
    className="avatar-gap avatar card-size-md avatar-gap-md"
    src="avatar.png"
  />
</div>
`;
